******************************************************************************
                  TI ARM Linker PC v20.2.7                     
******************************************************************************
>> Linked Thu Apr 11 18:55:15 2024

OUTPUT FILE NAME:   <Project003.out>
ENTRY POINT SYMBOL: "_c_int00_noargs"  address: 00003055


MEMORY CONFIGURATION

         name            origin    length      used     unused   attr    fill
----------------------  --------  ---------  --------  --------  ----  --------
  MAIN                  00000000   00200000  000034c8  001fcb38  R  X
  INFO                  00200000   00008000  00000000  00008000  R  X
  SRAM_CODE             01000000   00040000  000009b8  0003f648  RW X
  SRAM_DATA             20000000   00040000  000009b8  0003f648  RW  


SEGMENT ALLOCATION MAP

run origin  load origin   length   init length attrs members
----------  ----------- ---------- ----------- ----- -------
00000000    00000000    000034c8   000034c8    r-x
  00000000    00000000    000000e8   000000e8    r-- .intvecs
  000000e8    000000e8    000031d8   000031d8    r-x .text
  000032c0    000032c0    00000170   00000170    r-- .const
  00003430    00003430    00000098   00000098    r-- .cinit
20000000    20000000    000007b8   00000000    rw-
  20000000    20000000    00000400   00000000    rw- .sysmem
  20000400    20000400    000001f0   00000000    rw- .data
  200005f0    200005f0    000001c8   00000000    rw- .bss
2003fe00    2003fe00    00000200   00000000    rw-
  2003fe00    2003fe00    00000200   00000000    rw- .stack


SECTION ALLOCATION MAP

 output                                  attributes/
section   page    origin      length       input sections
--------  ----  ----------  ----------   ----------------
.intvecs   0    00000000    000000e8     
                  00000000    000000e8     startup_msp432p4111_ccs.obj (.intvecs:retain)

.text      0    000000e8    000031d8     
                  000000e8    00000a4e     rtsv7M4_T_le_v4SPD16_eabi.lib : _printfi.c.obj (.text:__TI_printfi)
                  00000b36    00000002                                   : _lock.c.obj (.text:_nop)
                  00000b38    00000350     system_msp432p4111.obj (.text)
                  00000e88    00000270     rtsv7M4_T_le_v4SPD16_eabi.lib : _printfi.c.obj (.text:_pconv_a)
                  000010f8    0000022c     main.obj (.text)
                  00001324    000001d0     rtsv7M4_T_le_v4SPD16_eabi.lib : _printfi.c.obj (.text:_pconv_g)
                  000014f4    000001b6                                   : fd_add_t2.asm.obj (.text)
                  000016aa    00000002                                   : div0.asm.obj (.text)
                  000016ac    0000013c                                   : _printfi.c.obj (.text:_pconv_e)
                  000017e8    00000136                                   : fd_div_t2.asm.obj (.text)
                  0000191e    00000002     --HOLE-- [fill = 0]
                  00001920    00000124                                   : _printfi.c.obj (.text:fcvt)
                  00001a44    00000114                                   : fputs.c.obj (.text:fputs)
                  00001b58    00000110                                   : s_scalbn.c.obj (.text:scalbn)
                  00001c68    00000100                                   : memory.c.obj (.text:aligned_alloc)
                  00001d68    000000fc                                   : fd_mul_t2.asm.obj (.text)
                  00001e64    000000e8     csHFXT.obj (.text)
                  00001f4c    000000e4     rtsv7M4_T_le_v4SPD16_eabi.lib : memory.c.obj (.text:free)
                  00002030    000000dc                                   : setvbuf.c.obj (.text:setvbuf)
                  0000210c    000000b1                                   : _printfi.c.obj (.text:_ltostr)
                  000021bd    00000003     --HOLE-- [fill = 0]
                  000021c0    000000a8     rgbLED.obj (.text)
                  00002268    0000009c     rtsv7M4_T_le_v4SPD16_eabi.lib : memcpy_t2.asm.obj (.text)
                  00002304    00000096                                   : ull_div_t2.asm.obj (.text)
                  0000239a    00000002     --HOLE-- [fill = 0]
                  0000239c    0000008c                                   : fputc.c.obj (.text:fputc)
                  00002428    00000086                                   : fd_cmp_t2.asm.obj (.text:__aeabi_cdcmple)
                  000024ae    00000086                                   : fd_cmp_t2.asm.obj (.text:__aeabi_cdrcmple)
                  00002534    00000080     csLFXT.obj (.text)
                  000025b4    0000007a     rtsv7M4_T_le_v4SPD16_eabi.lib : memset_t2.asm.obj (.text)
                  0000262e    00000002     --HOLE-- [fill = 0]
                  00002630    00000074                                   : fclose.c.obj (.text:__TI_closefile)
                  000026a4    00000070                                   : memory.c.obj (.text:split)
                  00002714    0000006e                                   : _printfi.c.obj (.text:_mcpy)
                  00002782    00000002     --HOLE-- [fill = 0]
                  00002784    0000006c                                   : hostrename.c.obj (.text:HOSTrename)
                  000027f0    00000068                                   : hostlseek.c.obj (.text:HOSTlseek)
                  00002858    00000068                                   : copy_decompress_lzss.c.obj (.text:decompress:lzss:__TI_decompress_lzss)
                  000028c0    00000068                                   : printf.c.obj (.text:printf)
                  00002928    00000064                                   : s_frexp.c.obj (.text:frexp)
                  0000298c    00000064                                   : fseek.c.obj (.text:fseek)
                  000029f0    00000062                                   : _io_perm.c.obj (.text:__TI_wrt_ok)
                  00002a52    00000002     --HOLE-- [fill = 0]
                  00002a54    00000060                                   : hostopen.c.obj (.text:HOSTopen)
                  00002ab4    0000005c                                   : close.c.obj (.text:close)
                  00002b10    00000058                                   : hostread.c.obj (.text:HOSTread)
                  00002b68    00000058                                   : hostwrite.c.obj (.text:HOSTwrite)
                  00002bc0    00000056                                   : _printfi.c.obj (.text:_pconv_f)
                  00002c16    00000054                                   : _ltoa.c.obj (.text:__TI_ltoa)
                  00002c6a    00000052                                   : _printfi.c.obj (.text:_ecpy)
                  00002cbc    0000004c                                   : fflush.c.obj (.text:__TI_doflush)
                  00002d08    0000004c                                   : atoi.c.obj (.text:atoi)
                  00002d54    00000048                                   : exit.c.obj (.text:exit)
                  00002d9c    00000048                                   : fd_toi_t2.asm.obj (.text)
                  00002de4    00000048     switches.obj (.text)
                  00002e2c    00000044     rtsv7M4_T_le_v4SPD16_eabi.lib : hostclose.c.obj (.text:HOSTclose)
                  00002e70    00000044                                   : hostunlink.c.obj (.text:HOSTunlink)
                  00002eb4    00000044                                   : autoinit.c.obj (.text:__TI_auto_init_nobinit_nopinit:__TI_auto_init_nobinit_nopinit)
                  00002ef8    00000044                                   : getdevice.c.obj (.text:getdevice)
                  00002f3c    0000003e                                   : _printfi.c.obj (.text:_fcpy)
                  00002f7a    00000002     --HOLE-- [fill = 0]
                  00002f7c    00000038                                   : trgmsg.c.obj (.text:__TI_writemsg)
                  00002fb4    00000036                                   : strncpy.c.obj (.text:strncpy)
                  00002fea    00000002     --HOLE-- [fill = 0]
                  00002fec    00000034                                   : fopen.c.obj (.text:__TI_cleanup)
                  00003020    00000034                                   : trgmsg.c.obj (.text:__TI_readmsg)
                  00003054    00000034                                   : boot_cortex_m.c.obj (.text:_c_int00_noargs:_c_int00_noargs)
                  00003088    00000030                                   : getdevice.c.obj (.text:finddevice)
                  000030b8    0000002e                                   : i_tofd_t2.asm.obj (.text)
                  000030e6    00000002     --HOLE-- [fill = 0]
                  000030e8    0000002c                                   : unlink.c.obj (.text:unlink)
                  00003114    00000028                                   : memory.c.obj (.text:free_list_insert)
                  0000313c    00000028                                   : lseek.c.obj (.text:lseek)
                  00003164    00000028                                   : write.c.obj (.text:write)
                  0000318c    00000020                                   : memchr.c.obj (.text:memchr)
                  000031ac    0000001c                                   : copy_zero_init.c.obj (.text:decompress:ZI:__TI_zero_init_nomemset:__TI_zero_init_nomemset)
                  000031c8    0000001c                                   : memory.c.obj (.text:free_list_remove)
                  000031e4    0000001c                                   : memccpy.c.obj (.text:memccpy)
                  00003200    0000001a                                   : s_copysign.c.obj (.text:copysign)
                  0000321a    00000018                                   : strcmp.c.obj (.text:strcmp)
                  00003232    00000016                                   : strchr.c.obj (.text:strchr)
                  00003248    00000014                                   : strcpy.c.obj (.text:strcpy)
                  0000325c    00000014                                   : strlen.c.obj (.text:strlen)
                  00003270    00000012                                   : wcslen.c.obj (.text:wcslen)
                  00003282    0000000e                                   : copy_decompress_none.c.obj (.text:decompress:none:__TI_decompress_none)
                  00003290    0000000e     startup_msp432p4111_ccs.obj (.text)
                  0000329e    00000002     --HOLE-- [fill = 0]
                  000032a0    00000008     rtsv7M4_T_le_v4SPD16_eabi.lib : errno.c.obj (.text:__aeabi_errno_addr)
                  000032a8    00000008                                   : memory.c.obj (.text:malloc)
                  000032b0    00000004                                   : printf.c.obj (.text:_outc)
                  000032b4    00000004                                   : printf.c.obj (.text:_outs)
                  000032b8    00000004                                   : pre_init.c.obj (.text:_system_pre_init)
                  000032bc    00000004                                   : exit.c.obj (.text:abort:abort)

.const     0    000032c0    00000170     
                  000032c0    00000101     rtsv7M4_T_le_v4SPD16_eabi.lib : ctype.c.obj (.const:.string:_ctypes_)
                  000033c1    00000030     main.obj (.const:.string:noteArray)
                  000033f1    00000030     main.obj (.const:.string:noteDurationArray)
                  00003421    00000001     --HOLE-- [fill = 0]
                  00003422    0000000e     main.obj (.const:notePeriodArray)

.cinit     0    00003430    00000098     
                  00003430    0000006d     (.cinit..data.load) [load image, compression = lzss]
                  0000349d    00000003     --HOLE-- [fill = 0]
                  000034a0    0000000c     (__TI_handler_table)
                  000034ac    00000004     --HOLE-- [fill = 0]
                  000034b0    00000008     (.cinit..bss.load) [load image, compression = zero_init]
                  000034b8    00000010     (__TI_cinit_table)

.init_array 
*          0    00000000    00000000     UNINITIALIZED

.binit     0    00000000    00000000     

.sysmem    0    20000000    00000400     UNINITIALIZED
                  20000000    00000010     rtsv7M4_T_le_v4SPD16_eabi.lib : memory.c.obj (.sysmem)
                  20000010    000003f0     --HOLE--

.data      0    20000400    000001f0     UNINITIALIZED
                  20000400    000000f0     rtsv7M4_T_le_v4SPD16_eabi.lib : defs.c.obj (.data:_ftable)
                  200004f0    00000078                                   : host_device.c.obj (.data:_device)
                  20000568    00000050                                   : host_device.c.obj (.data:_stream)
                  200005b8    00000010                                   : defs.c.obj (.data)
                  200005c8    0000000c                                   : exit.c.obj (.data:$O1$$)
                  200005d4    00000008                                   : _lock.c.obj (.data:$O1$$)
                  200005dc    00000008                                   : memory.c.obj (.data:$O1$$)
                  200005e4    00000004     main.obj (.data)
                  200005e8    00000004     rtsv7M4_T_le_v4SPD16_eabi.lib : errno.c.obj (.data)
                  200005ec    00000004     system_msp432p4111.obj (.data)

.bss       0    200005f0    000001c8     UNINITIALIZED
                  200005f0    00000120     rtsv7M4_T_le_v4SPD16_eabi.lib : trgmsg.c.obj (.bss:_CIOBUF_)
                  20000710    000000a0     (.common:__TI_tmpnams)
                  200007b0    00000008     (.common:parmbuf)

.stack     0    2003fe00    00000200     UNINITIALIZED
                  2003fe00    00000004     rtsv7M4_T_le_v4SPD16_eabi.lib : boot_cortex_m.c.obj (.stack)
                  2003fe04    000001fc     --HOLE--

__llvm_prf_cnts 
*          0    20000000    00000000     UNINITIALIZED

MODULE SUMMARY

       Module                        code    ro data   rw data
       ------                        ----    -------   -------
    .\
       system_msp432p4111.obj        848     0         8      
       main.obj                      556     110       8      
       startup_msp432p4111_ccs.obj   14      232       0      
       csHFXT.obj                    232     0         0      
       rgbLED.obj                    168     0         0      
       csLFXT.obj                    128     0         0      
       switches.obj                  72      0         0      
    +--+-----------------------------+-------+---------+---------+
       Total:                        2018    342       16     
                                                              
    C:\ti\ccs1260\ccs\tools\compiler\ti-cgt-arm_20.2.7.LTS\lib\rtsv7M4_T_le_v4SPD16_eabi.lib
       _printfi.c.obj                4851    0         0      
       defs.c.obj                    0       0         832    
       memory.c.obj                  672     0         16     
       trgmsg.c.obj                  108     0         576    
       fd_add_t2.asm.obj             438     0         0      
       host_device.c.obj             0       0         400    
       fd_div_t2.asm.obj             310     0         0      
       fputs.c.obj                   276     0         0      
       s_scalbn.c.obj                272     0         0      
       fd_cmp_t2.asm.obj             268     0         0      
       ctype.c.obj                   0       257       0      
       fd_mul_t2.asm.obj             252     0         0      
       setvbuf.c.obj                 220     0         0      
       memcpy_t2.asm.obj             156     0         0      
       ull_div_t2.asm.obj            150     0         0      
       fputc.c.obj                   140     0         0      
       memset_t2.asm.obj             122     0         0      
       fclose.c.obj                  116     0         0      
       getdevice.c.obj               116     0         0      
       hostopen.c.obj                96      0         16     
       printf.c.obj                  112     0         0      
       hostrename.c.obj              108     0         0      
       copy_decompress_lzss.c.obj    104     0         0      
       hostlseek.c.obj               104     0         0      
       exit.c.obj                    76      0         24     
       fseek.c.obj                   100     0         0      
       s_frexp.c.obj                 100     0         0      
       _io_perm.c.obj                98      0         0      
       close.c.obj                   92      0         0      
       hostread.c.obj                88      0         0      
       hostwrite.c.obj               88      0         0      
       _ltoa.c.obj                   84      0         0      
       atoi.c.obj                    76      0         0      
       fflush.c.obj                  76      0         0      
       fd_toi_t2.asm.obj             72      0         0      
       autoinit.c.obj                68      0         0      
       hostclose.c.obj               68      0         0      
       hostunlink.c.obj              68      0         0      
       strncpy.c.obj                 54      0         0      
       boot_cortex_m.c.obj           52      0         0      
       fopen.c.obj                   52      0         0      
       i_tofd_t2.asm.obj             46      0         0      
       unlink.c.obj                  44      0         0      
       lseek.c.obj                   40      0         0      
       write.c.obj                   40      0         0      
       memchr.c.obj                  32      0         0      
       copy_zero_init.c.obj          28      0         0      
       memccpy.c.obj                 28      0         0      
       s_copysign.c.obj              26      0         0      
       strcmp.c.obj                  24      0         0      
       strchr.c.obj                  22      0         0      
       strcpy.c.obj                  20      0         0      
       strlen.c.obj                  20      0         0      
       _lock.c.obj                   2       0         16     
       wcslen.c.obj                  18      0         0      
       errno.c.obj                   8       0         8      
       copy_decompress_none.c.obj    14      0         0      
       pre_init.c.obj                4       0         0      
       div0.asm.obj                  2       0         0      
    +--+-----------------------------+-------+---------+---------+
       Total:                        10721   257       1888   
                                                              
       Heap:                         0       0         2048   
       Stack:                        0       0         1024   
       Linker Generated:             0       145       0      
    +--+-----------------------------+-------+---------+---------+
       Grand Total:                  12739   744       4976   


LINKER GENERATED COPY TABLES

__TI_cinit_table @ 000034b8 records: 2, size/record: 8, table size: 16
	.data: load addr=00003430, load size=0000006d bytes, run addr=20000400, run size=000001f0 bytes, compression=lzss
	.bss: load addr=000034b0, load size=00000008 bytes, run addr=200005f0, run size=000001c8 bytes, compression=zero_init


LINKER GENERATED HANDLER TABLE

__TI_handler_table @ 000034a0 records: 3, size/record: 4, table size: 12
	index: 0, handler: __TI_decompress_lzss
	index: 1, handler: __TI_decompress_none
	index: 2, handler: __TI_zero_init


GLOBAL SYMBOLS: SORTED ALPHABETICALLY BY Name 

address   name                           
-------   ----                           
0000329d  ADC14_IRQHandler               
0000329d  AES256_IRQHandler              
0000329d  BusFault_Handler               
000032bd  C$$EXIT                        
00002fab  C$$IO$$                        
0000329d  COMP_E0_IRQHandler             
0000329d  COMP_E1_IRQHandler             
0000329d  CS_IRQHandler                  
0000329d  DMA_ERR_IRQHandler             
0000329d  DMA_INT0_IRQHandler            
0000329d  DMA_INT1_IRQHandler            
0000329d  DMA_INT2_IRQHandler            
0000329d  DMA_INT3_IRQHandler            
0000329d  DebugMon_Handler               
0000329d  Default_Handler                
0000329d  EUSCIA0_IRQHandler             
0000329d  EUSCIA1_IRQHandler             
0000329d  EUSCIA2_IRQHandler             
0000329d  EUSCIA3_IRQHandler             
0000329d  EUSCIB0_IRQHandler             
0000329d  EUSCIB1_IRQHandler             
0000329d  EUSCIB2_IRQHandler             
0000329d  EUSCIB3_IRQHandler             
0000329d  FLCTL_A_IRQHandler             
0000329d  FPU_IRQHandler                 
00002e2d  HOSTclose                      
000027f1  HOSTlseek                      
00002a55  HOSTopen                       
00002b11  HOSTread                       
00002785  HOSTrename                     
00002e71  HOSTunlink                     
00002b69  HOSTwrite                      
0000329d  HardFault_Handler              
0000329d  LCD_F_IRQHandler               
0000329d  MemManage_Handler              
0000329d  NMI_Handler                    
0000329d  PCM_IRQHandler                 
0000329d  PORT1_IRQHandler               
0000329d  PORT2_IRQHandler               
0000329d  PORT3_IRQHandler               
0000329d  PORT4_IRQHandler               
0000329d  PORT5_IRQHandler               
0000329d  PORT6_IRQHandler               
0000329d  PSS_IRQHandler                 
0000329d  PendSV_Handler                 
000021c1  RGBLED_init                    
0000220f  RGBLED_setColor                
00002203  RGBLED_toggleBlue              
000021f7  RGBLED_toggleGreen             
000021eb  RGBLED_toggleRed               
0000329d  RTC_C_IRQHandler               
00003291  Reset_Handler                  
0000329d  SVC_Handler                    
00002de5  SWITCHES_init                  
0000329d  SysTick_Handler                
200005ec  SystemCoreClock                
00000b39  SystemCoreClockUpdate          
00000db1  SystemInit                     
0000329d  T32_INT1_IRQHandler            
0000329d  T32_INT2_IRQHandler            
0000329d  T32_INTC_IRQHandler            
0000329d  TA0_0_IRQHandler               
0000329d  TA0_N_IRQHandler               
0000329d  TA1_0_IRQHandler               
0000122d  TA1_N_IRQHandler               
0000122d  TA1_N_IRQHandler               
0000329d  TA2_0_IRQHandler               
0000329d  TA2_N_IRQHandler               
0000329d  TA3_0_IRQHandler               
0000329d  TA3_N_IRQHandler               
0000329d  UsageFault_Handler             
4000480c  WDTCTL_SYM                     
0000329d  WDT_A_IRQHandler               
200005f0  __CIOBUF_                      
20040000  __STACK_END                    
00000200  __STACK_SIZE                   
00000400  __SYSMEM_SIZE                  
000034b8  __TI_CINIT_Base                
000034c8  __TI_CINIT_Limit               
000034a0  __TI_Handler_Table_Base        
000034ac  __TI_Handler_Table_Limit       
00002eb5  __TI_auto_init_nobinit_nopinit 
00002fed  __TI_cleanup                   
200005c8  __TI_cleanup_ptr               
00002631  __TI_closefile                 
00002859  __TI_decompress_lzss           
00003283  __TI_decompress_none           
00002cbd  __TI_doflush                   
200005cc  __TI_dtors_ptr                 
200005d0  __TI_enable_exit_profile_output
200005b8  __TI_ft_end                    
00002c17  __TI_ltoa                      
ffffffff  __TI_pprof_out_hndl            
000000e9  __TI_printfi                   
ffffffff  __TI_prof_data_size            
ffffffff  __TI_prof_data_start           
00003021  __TI_readmsg                   
00000000  __TI_static_base__             
20000710  __TI_tmpnams                   
00002f7d  __TI_writemsg                  
000029f1  __TI_wrt_ok                    
000031ad  __TI_zero_init_nomemset        
00002429  __aeabi_cdcmpeq                
00002429  __aeabi_cdcmple                
000024af  __aeabi_cdrcmple               
00002d9d  __aeabi_d2iz                   
000014ff  __aeabi_dadd                   
000017e9  __aeabi_ddiv                   
00001d69  __aeabi_dmul                   
000014f5  __aeabi_dsub                   
000032a1  __aeabi_errno_addr             
000030b9  __aeabi_i2d                    
000016ab  __aeabi_idiv0                  
000016ab  __aeabi_ldiv0                  
000025b5  __aeabi_memclr                 
000025b5  __aeabi_memclr4                
000025b5  __aeabi_memclr8                
00002269  __aeabi_memcpy                 
00002269  __aeabi_memcpy4                
00002269  __aeabi_memcpy8                
000025b7  __aeabi_memset                 
000025b7  __aeabi_memset4                
000025b7  __aeabi_memset8                
200005c4  __aeabi_stderr                 
200005bc  __aeabi_stdin                  
200005c0  __aeabi_stdout                 
00002305  __aeabi_uldivmod               
ffffffff  __binit__                      
ffffffff  __c_args__                     
UNDEFED   __mpu_init                     
2003fe00  __stack                        
20000000  __start___llvm_prf_cnts        
20000000  __stop___llvm_prf_cnts         
00003055  _c_int00_noargs                
000032c0  _ctypes_                       
200004f0  _device                        
20000400  _ftable                        
200005d4  _lock                          
00000b37  _nop                           
20000568  _stream                        
20000000  _sys_memory                    
UNDEFED   _system_post_cinit             
000032b9  _system_pre_init               
200005d8  _unlock                        
000032bd  abort                          
00001c69  aligned_alloc                  
00002d09  atoi                           
ffffffff  binit                          
00002ab5  close                          
00001e65  configHFXT                     
00002535  configLFXT                     
00003201  copysign                       
00003201  copysignl                      
000011f7  delay5                         
200005e8  errno                          
00001f05  error                          
00002d55  exit                           
00003089  finddevice                     
0000239d  fputc                          
00001a45  fputs                          
00001f4d  free                           
00002929  frexp                          
00002929  frexpl                         
0000298d  fseek                          
00002ef9  getdevice                      
00000000  interruptVectors               
00001b59  ldexp                          
00001b59  ldexpl                         
0000313d  lseek                          
000010f9  main                           
000032a9  malloc                         
00001c69  memalign                       
000031e5  memccpy                        
0000318d  memchr                         
00002269  memcpy                         
000025bd  memset                         
000033c1  noteArray                      
000033f1  noteDurationArray              
200005e4  noteIndex                      
00003422  notePeriodArray                
200007b0  parmbuf                        
000028c1  printf                         
0000239d  putc                           
000030e9  remove                         
00001b59  scalbn                         
00001b59  scalbnl                        
00002031  setvbuf                        
00003233  strchr                         
0000321b  strcmp                         
00003249  strcpy                         
0000325d  strlen                         
00002fb5  strncpy                        
00001221  toggleCurrentLED               
00001215  toggleLEDoff                   
000030e9  unlink                         
00003271  wcslen                         
00003165  write                          


GLOBAL SYMBOLS: SORTED BY Symbol Address 

address   name                           
-------   ----                           
00000000  __TI_static_base__             
00000000  interruptVectors               
000000e9  __TI_printfi                   
00000200  __STACK_SIZE                   
00000400  __SYSMEM_SIZE                  
00000b37  _nop                           
00000b39  SystemCoreClockUpdate          
00000db1  SystemInit                     
000010f9  main                           
000011f7  delay5                         
00001215  toggleLEDoff                   
00001221  toggleCurrentLED               
0000122d  TA1_N_IRQHandler               
0000122d  TA1_N_IRQHandler               
000014f5  __aeabi_dsub                   
000014ff  __aeabi_dadd                   
000016ab  __aeabi_idiv0                  
000016ab  __aeabi_ldiv0                  
000017e9  __aeabi_ddiv                   
00001a45  fputs                          
00001b59  ldexp                          
00001b59  ldexpl                         
00001b59  scalbn                         
00001b59  scalbnl                        
00001c69  aligned_alloc                  
00001c69  memalign                       
00001d69  __aeabi_dmul                   
00001e65  configHFXT                     
00001f05  error                          
00001f4d  free                           
00002031  setvbuf                        
000021c1  RGBLED_init                    
000021eb  RGBLED_toggleRed               
000021f7  RGBLED_toggleGreen             
00002203  RGBLED_toggleBlue              
0000220f  RGBLED_setColor                
00002269  __aeabi_memcpy                 
00002269  __aeabi_memcpy4                
00002269  __aeabi_memcpy8                
00002269  memcpy                         
00002305  __aeabi_uldivmod               
0000239d  fputc                          
0000239d  putc                           
00002429  __aeabi_cdcmpeq                
00002429  __aeabi_cdcmple                
000024af  __aeabi_cdrcmple               
00002535  configLFXT                     
000025b5  __aeabi_memclr                 
000025b5  __aeabi_memclr4                
000025b5  __aeabi_memclr8                
000025b7  __aeabi_memset                 
000025b7  __aeabi_memset4                
000025b7  __aeabi_memset8                
000025bd  memset                         
00002631  __TI_closefile                 
00002785  HOSTrename                     
000027f1  HOSTlseek                      
00002859  __TI_decompress_lzss           
000028c1  printf                         
00002929  frexp                          
00002929  frexpl                         
0000298d  fseek                          
000029f1  __TI_wrt_ok                    
00002a55  HOSTopen                       
00002ab5  close                          
00002b11  HOSTread                       
00002b69  HOSTwrite                      
00002c17  __TI_ltoa                      
00002cbd  __TI_doflush                   
00002d09  atoi                           
00002d55  exit                           
00002d9d  __aeabi_d2iz                   
00002de5  SWITCHES_init                  
00002e2d  HOSTclose                      
00002e71  HOSTunlink                     
00002eb5  __TI_auto_init_nobinit_nopinit 
00002ef9  getdevice                      
00002f7d  __TI_writemsg                  
00002fab  C$$IO$$                        
00002fb5  strncpy                        
00002fed  __TI_cleanup                   
00003021  __TI_readmsg                   
00003055  _c_int00_noargs                
00003089  finddevice                     
000030b9  __aeabi_i2d                    
000030e9  remove                         
000030e9  unlink                         
0000313d  lseek                          
00003165  write                          
0000318d  memchr                         
000031ad  __TI_zero_init_nomemset        
000031e5  memccpy                        
00003201  copysign                       
00003201  copysignl                      
0000321b  strcmp                         
00003233  strchr                         
00003249  strcpy                         
0000325d  strlen                         
00003271  wcslen                         
00003283  __TI_decompress_none           
00003291  Reset_Handler                  
0000329d  ADC14_IRQHandler               
0000329d  AES256_IRQHandler              
0000329d  BusFault_Handler               
0000329d  COMP_E0_IRQHandler             
0000329d  COMP_E1_IRQHandler             
0000329d  CS_IRQHandler                  
0000329d  DMA_ERR_IRQHandler             
0000329d  DMA_INT0_IRQHandler            
0000329d  DMA_INT1_IRQHandler            
0000329d  DMA_INT2_IRQHandler            
0000329d  DMA_INT3_IRQHandler            
0000329d  DebugMon_Handler               
0000329d  Default_Handler                
0000329d  EUSCIA0_IRQHandler             
0000329d  EUSCIA1_IRQHandler             
0000329d  EUSCIA2_IRQHandler             
0000329d  EUSCIA3_IRQHandler             
0000329d  EUSCIB0_IRQHandler             
0000329d  EUSCIB1_IRQHandler             
0000329d  EUSCIB2_IRQHandler             
0000329d  EUSCIB3_IRQHandler             
0000329d  FLCTL_A_IRQHandler             
0000329d  FPU_IRQHandler                 
0000329d  HardFault_Handler              
0000329d  LCD_F_IRQHandler               
0000329d  MemManage_Handler              
0000329d  NMI_Handler                    
0000329d  PCM_IRQHandler                 
0000329d  PORT1_IRQHandler               
0000329d  PORT2_IRQHandler               
0000329d  PORT3_IRQHandler               
0000329d  PORT4_IRQHandler               
0000329d  PORT5_IRQHandler               
0000329d  PORT6_IRQHandler               
0000329d  PSS_IRQHandler                 
0000329d  PendSV_Handler                 
0000329d  RTC_C_IRQHandler               
0000329d  SVC_Handler                    
0000329d  SysTick_Handler                
0000329d  T32_INT1_IRQHandler            
0000329d  T32_INT2_IRQHandler            
0000329d  T32_INTC_IRQHandler            
0000329d  TA0_0_IRQHandler               
0000329d  TA0_N_IRQHandler               
0000329d  TA1_0_IRQHandler               
0000329d  TA2_0_IRQHandler               
0000329d  TA2_N_IRQHandler               
0000329d  TA3_0_IRQHandler               
0000329d  TA3_N_IRQHandler               
0000329d  UsageFault_Handler             
0000329d  WDT_A_IRQHandler               
000032a1  __aeabi_errno_addr             
000032a9  malloc                         
000032b9  _system_pre_init               
000032bd  C$$EXIT                        
000032bd  abort                          
000032c0  _ctypes_                       
000033c1  noteArray                      
000033f1  noteDurationArray              
00003422  notePeriodArray                
000034a0  __TI_Handler_Table_Base        
000034ac  __TI_Handler_Table_Limit       
000034b8  __TI_CINIT_Base                
000034c8  __TI_CINIT_Limit               
20000000  __start___llvm_prf_cnts        
20000000  __stop___llvm_prf_cnts         
20000000  _sys_memory                    
20000400  _ftable                        
200004f0  _device                        
20000568  _stream                        
200005b8  __TI_ft_end                    
200005bc  __aeabi_stdin                  
200005c0  __aeabi_stdout                 
200005c4  __aeabi_stderr                 
200005c8  __TI_cleanup_ptr               
200005cc  __TI_dtors_ptr                 
200005d0  __TI_enable_exit_profile_output
200005d4  _lock                          
200005d8  _unlock                        
200005e4  noteIndex                      
200005e8  errno                          
200005ec  SystemCoreClock                
200005f0  __CIOBUF_                      
20000710  __TI_tmpnams                   
200007b0  parmbuf                        
2003fe00  __stack                        
20040000  __STACK_END                    
4000480c  WDTCTL_SYM                     
ffffffff  __TI_pprof_out_hndl            
ffffffff  __TI_prof_data_size            
ffffffff  __TI_prof_data_start           
ffffffff  __binit__                      
ffffffff  __c_args__                     
ffffffff  binit                          
UNDEFED   __mpu_init                     
UNDEFED   _system_post_cinit             

[197 symbols]
